This is a 3 masted, Clipper Ship ship with 200 MO of cargo space.